## Домашнее задание к занятию "3.5. Файловые системы"
###   Узнайте о sparse (разряженных) файлах.
* Sparse file - Файлы в уоторых 0-выё байы заменяны на информацию о таких последовательнастях , то есть на диск не записываются пустые байты а создается описание скольки и где в файле должно быть пустых байт , это экономит место а диске и уменьшает колличество опираций ввода вывода на диск, но добавляет работы процессору на обработку спика  пустых байт, так же мприводит к фрагментации файла при частой перезаписи. невозможность использовать других индикаторов дыр (пустых байт) кроме 0 дл создания списков .
* ================
###   Могут ли файлы, являющиеся жесткой ссылкой на один объект, иметь разные права доступа и владельца? Почему?
* Нет так как являются всего лиш описанием пути к одному физическому объекту и соответственно наследую права от физического объекта на который ссылаются в отличае от simlink который являчется полноченным файловым объектом.
* ================
### Сделайте vagrant destroy на имеющийся инстанс Ubuntu. Замените содержимое Vagrantfile следующим: 
*  sudo fdisk -l | grep Disk
*  Disk /dev/loop0: 55.45 MiB, 58130432 bytes, 113536 sectors
*  Disk /dev/loop2: 70.32 MiB, 73728000 bytes, 144000 sectors
*  Disk /dev/loop3: 55.52 MiB, 58204160 bytes, 113680 sectors
*  Disk /dev/loop4: 43.6 MiB, 45703168 bytes, 89264 sectors
*  Disk /dev/loop5: 61.93 MiB, 64917504 bytes, 126792 sectors
*  Disk /dev/loop6: 67.25 MiB, 70508544 bytes, 137712 sectors
*  Disk /dev/sda: 64 GiB, 68719476736 bytes, 134217728 sectors
*  Disk model: VBOX HARDDISK
*  Disklabel type: gpt
*  Disk identifier: B4F1CD46-1589-455C-BA21-5171874A019C
*  Disk /dev/sdb: 2.51 GiB, 2684354560 bytes, 5242880 sectors
*  Disk model: VBOX HARDDISK
*  Disk /dev/sdc: 2.51 GiB, 2684354560 bytes, 5242880 sectors
*  Disk model: VBOX HARDDISK
*  Disk /dev/mapper/ubuntu--vg-ubuntu--lv: 31.51 GiB, 33822867456 bytes, 66060288 sectors
* =================
### Используя fdisk, разбейте первый диск на 2 раздела: 2 Гб, оставшееся пространство.
* sudo fdisk  /dev/sdc // команда далее в fdisk  n - создане нового , дале по списку и подсказкам создает  примари партицию с сектора 2048  и размером +2G, w - записываем и выходим
* sudo fdisk -l /dev/sdc
* Disk /dev/sdc: 2.51 GiB, 2684354560 bytes, 5242880 sectors
* Disk model: VBOX HARDDISK
* Units: sectors of 1 * 512 = 512 bytes
* Sector size (logical/physical): 512 bytes / 512 bytes
* I/O size (minimum/optimal): 512 bytes / 512 bytes
* Disklabel type: dos
* Disk identifier: 0x997bb508
* Device     Boot Start     End Sectors Size Id Type
* /dev/sdc1        2048 4196351 4194304   2G 83 Linux
* ==================
### Используя sfdisk, перенесите данную таблицу разделов на второй диск.
*  sudo sfdisk -d /dev/sdc |sudo sfdisk /dev/sdb
*   lsblk
*   *****
* sdb                         8:16   0  2.5G  0 disk
* └─sdb1                      8:17   0    2G  0 part
* sdc                         8:32   0  2.5G  0 disk
* └─sdc1                      8:33   0    2G  0 part
* =============
### Соберите mdadm RAID1 на паре разделов 2 Гб.
* sudo mdadm --create --verbose /dev/md0 --level=1 --raid-devices=2 /dev/sdb1 /dev/sdc1
* mdadm: Note: this array has metadata at the start and
*     may not be suitable as a boot device.  If you plan to
*     store '/boot' on this device please ensure that
*     your boot-loader understands md/v1.x metadata, or use
*     --metadata=0.90
* mdadm: size set to 2094080K
* Continue creating array? y
* mdadm: Defaulting to version 1.2 metadata
* mdadm: array /dev/md0 started.
* ===============
### Соберите mdadm RAID0 на второй паре маленьких разделов.
*  sudo mdadm --create --verbose /dev/md1 --level=0 --raid-devices=2 /dev/sdb2 /dev/sdc2
*  lsblk
*  sdb                         8:16   0  2.5G  0 disk
*  ├─sdb1                      8:17   0    2G  0 part
*  │ └─md0                     9:0    0    2G  0 raid1
*  └─sdb2                      8:18   0  511M  0 part
*    └─md1                     9:1    0 1018M  0 raid0
*    sdc                         8:32   0  2.5G  0 disk
*    ├─sdc1                      8:33   0    2G  0 part
*    │ └─md0                     9:0    0    2G  0 raid1
*    └─sdc2                      8:34   0  511M  0 part
*      └─md1                     9:1    0 1018M  0 raid0
* ===============
### Создайте 2 независимых PV на получившихся md-устройствах. 
*  sudo pvcreate /dev/md1
*  sudo pvcreate /dev/md0
*  sudo pvs
*    PV         VG        Fmt  Attr PSize    PFree
*    /dev/md0             lvm2 ---    <2.00g   <2.00g
*    /dev/md1             lvm2 ---  1018.00m 1018.00m  
*    ===================
### Создайте общую volume-group на этих двух PV
*  sudo vgcreate vg1 /dev/md0 /dev/md1
*  sudo pvs
*   PV         VG        Fmt  Attr PSize    PFree
*   /dev/md0   vg1       lvm2 a--    <2.00g   <2.00g
*   /dev/md1   vg1       lvm2 a--  1016.00m 1016.00m
* ======================
### Создайте LV размером 100 Мб, указав его расположение на PV с RAID0
* sudo lvcreate -L 100M vg1 /dev/md1
*  Logical volume "lvol0" created.
*  sudo lvs
*   LV        VG        Attr       LSize   Pool Origin Data%  Meta%  Move Log Cpy%Sync Convert
*   ubuntu-lv ubuntu-vg -wi-ao----  31.50g
*   lvol0     vg1       -wi-a----- 100.00m
*   ==================
###  Создайте mkfs.ext4 ФС на получившемся LV  
* sudo mkfs --type=ext4  /dev/vg1/lvol0 100M
* ===============
### Смонтируйте этот раздел в любую директорию, например, /tmp/new
* sudo mount /dev/vg1/lvol0 /tmp/new
* ===============
### Поместите туда тестовый файл, например wget https://mirror.yandex.ru/ubuntu/ls-lR.gz -O /tmp/new/test.gz.
* $ sudo wget https://mirror.yandex.ru/ubuntu/ls-lR.gz -O /tmp/new/test.gz
* ================
### Прикрепите вывод lsblk.
*  sudo lsblk
* NAME                      MAJ:MIN RM  SIZE RO TYPE  MOUNTPOINT
* loop0                       7:0    0 55.4M  1 loop  /snap/core18/2128
* loop2                       7:2    0 70.3M  1 loop  /snap/lxd/21029
* loop3                       7:3    0 55.5M  1 loop  /snap/core18/2284
* loop4                       7:4    0 43.6M  1 loop  /snap/snapd/14978
* loop5                       7:5    0 61.9M  1 loop  /snap/core20/1328
* loop6                       7:6    0 67.2M  1 loop  /snap/lxd/21835
* sda                         8:0    0   64G  0 disk
* ├─sda1                      8:1    0    1M  0 part
* ├─sda2                      8:2    0    1G  0 part  /boot
* └─sda3                      8:3    0   63G  0 part
*   └─ubuntu--vg-ubuntu--lv 253:0    0 31.5G  0 lvm   /
* sdb                         8:16   0  2.5G  0 disk
* ├─sdb1                      8:17   0    2G  0 part
* │ └─md0                     9:0    0    2G  0 raid1
* └─sdb2                      8:18   0  511M  0 part
*   └─md1                     9:1    0 1018M  0 raid0
*     └─vg1-lvol0           253:1    0  100M  0 lvm   /tmp/new
* sdc                         8:32   0  2.5G  0 disk
* ├─sdc1                      8:33   0    2G  0 part
* │ └─md0                     9:0    0    2G  0 raid1
* └─sdc2                      8:34   0  511M  0 part
*   └─md1                     9:1    0 1018M  0 raid0
*     └─vg1-lvol0           253:1    0  100M  0 lvm   /tmp/new
* vagrant@vagrant:/tmp/new$
* =================
### Протестируйте целостность файла:
* 0
* =================
### Используя pvmove, переместите содержимое PV с RAID0 на RAID1.
*  sudo pvmove -b /dev/md1 /dev/md0
* =================
### Сделайте --fail на устройство в вашем RAID1 md
* sudo mdadm --fail /dev/md0 /dev/sdb1
* [ 8055.143034] md/raid1:md0: Disk failure on sdb1, disabling device.
*               md/raid1:md0: Operation continuing on 1 devices.
* =================
### Протестируйте целостность файла, несмотря на "сбойный" диск он должен продолжать быть доступен:
* 0
* =================
### Погасите тестовый хост, vagrant destroy.
* vagrant destroy
*     default: Are you sure you want to destroy the 'default' VM? [y/N] n
*  У меня не поднялась рука, оствил на эксперимены.
